C51 COMPILER V9.00   MAIN                                                                  09/11/2016 18:20:09 PAGE 1   


C51 COMPILER V9.00, COMPILATION OF MODULE MAIN
OBJECT MODULE PLACED IN .\Output\main.obj
COMPILER INVOKED BY: d:\Keil\C51\BIN\C51.EXE User\main.c LARGE BROWSE INCDIR(.\Common\inc;.\Driver\inc;.\BSP;.\Startup;.
                    -\User) DEBUG OBJECTEXTEND PRINT(.\Listing\main.lst) OBJECT(.\Output\main.obj)

line level    source

   1          /********************************************************************
   2          作者：Songyimiao
   3          建立日期: 20160411
   4          版本：V1.0
   5          喵呜实验室版权所有
   6          /********************************************************************/
   7          #include "includes.h"
   8           
   9          /***************************************************************
  10          ** 作　  者: Songyibiao
  11          ** 官    网：http://www.miaowlabs.com
  12          ** 淘    宝：http://miaowlabs.taobao.com
  13          ** 日　  期: 2015年11月29日
  14          ** 函数名称: main()
  15          ** 功能描述: 主函数            
  16          ** 输　  入:   
  17          ** 输　  出:   
  18          ** 备    注: 参考STC开源四轴 感谢刘同学
  19              //失控：TxBuf[0] 
  20                  //油门：TxBuf[1]
  21              //Yaw：     TxBuf[4]
  22              //俯仰：TxBuf[2]
  23              //横滚：TxBuf[3]
  24          ********************喵呜实验室版权所有**************************
  25          ***************************************************************/
  26          void main()
  27          {
  28   1              DisableInterrupts();//禁止总中断
  29   1              DriversInit();
  30   1              ADCInit();      
  31   1              MPU6050Init();
  32   1              LEDRUN(); 
  33   1              GetGyroRevise();        
  34   1              LED_GREEN = 0;
  35   1              ParametersInit();
  36   1              Delaynms(100);  
  37   1              
  38   1              IAPRead();
  39   1      
  40   1              while(NRF24L01_Check())//检测不到24L01
  41   1              {
  42   2                      Delaynms(500);
  43   2                      LED_RED=~LED_RED;  
  44   2                      Delaynms(500);
  45   2                      LED_RED=~LED_RED; 
  46   2              } 
  47   1              init_NRF24L01();
  48   1              SetRX_Mode();    //接收模式
  49   1      
  50   1              Delaynms(10);    
  51   1              RxBuf[1]=255;
  52   1              RxBuf[2]=128; //俯仰
  53   1              RxBuf[3]=128; //横滚
  54   1              RxBuf[4]=128;//yaw
C51 COMPILER V9.00   MAIN                                                                  09/11/2016 18:20:09 PAGE 2   

  55   1      
  56   1              LED2=0; //尾灯
  57   1              LED1=0; //尾灯
  58   1              TickSound();  //启动响声 用到T2
  59   1                                      
  60   1              EnableInterrupts();//允许总中断  
  61   1                                                                                
  62   1              while(1)
  63   1              {
  64   2      /*              if(TxBuf[1]<=5) {
  65   2                      unlock=1;
  66   2                      LED0=0;
  67   2                      LED2=0; //尾灯
  68   2                      LED1=0; //尾灯
  69   2                      LED3=0;
  70   2                      }
  71   2                      if (unlock == 1 ) EnableInterrupts();
  72   2                      else if(unlock == 0 ) {
  73   2                      LED0=0;
  74   2                      LED2=0; //尾灯
  75   2                      LED1=0; //尾灯
  76   2                      LED3=0;
  77   2                      Delaynms(200);
  78   2                      LED0=1;
  79   2                      LED2=1; //尾灯
  80   2                      LED1=1; //尾灯
  81   2                      LED3=1;
  82   2                      Delaynms(200);
  83   2                      }                                 */
  84   2                STC_ISP();    //ISP 下载不用冷启动                               
  85   2                Delay(500);
  86   2                nRF24L01_RxPacket(RxBuf);
  87   2                BatteryChecker();
  88   2               
  89   2              if(RxBuf[5]==1)    //you
  90   2                {
  91   3                  DisableInterrupts();
  92   3                      IAP_Angle();
  93   3                      RxBuf[5]=0;
  94   3                      TickSound();
  95   3                      EnableInterrupts(); 
  96   3                }
  97   2                if(RxBuf[6]==1)  //zuo
  98   2                {
  99   3                      DisableInterrupts();
 100   3                      IAP_Gyro();
 101   3                      RxBuf[6]=0;
 102   3                      TickSound();
 103   3                  EnableInterrupts();
 104   3                }
 105   2      
 106   2                if(i>=10)
 107   2              {
 108   3                              i=0;
 109   3                        if(RxBuf[8]==1)         //y
 110   3                        {
 111   4                              RxBuf[8]=0;
 112   4                              g_fOffsety-=1;
 113   4                      //      TickSound();
 114   4                        }     
 115   3                        if(RxBuf[10]==1)
 116   3                        {
C51 COMPILER V9.00   MAIN                                                                  09/11/2016 18:20:09 PAGE 3   

 117   4                              RxBuf[10]=0;
 118   4                              g_fOffsety+=1;
 119   4                      //      TickSound();
 120   4                        }     
 121   3                        if(RxBuf[7]==1)         //x
 122   3                        {
 123   4                              RxBuf[7]=0;
 124   4                              g_fOffsetx-=1;
 125   4                      //      TickSound();
 126   4                        }     
 127   3                        if(RxBuf[9]==1)
 128   3                        {
 129   4                              RxBuf[9]=0;
 130   4                              g_fOffsetx+=1;
 131   4                      //      TickSound();
 132   4                        }                             
 133   3              }
 134   2      
 135   2                
 136   2      #if 0//DEBUG_UART  //调试启用 预编译命令
              
                      OutData[0] = 45;
                      OutData[1] = 90;  
                      OutData[2] = g_fPower ;
                      OutData[3] = yaw;  
              
                      OutPut_Data();          
                                
              #endif                  
 146   2                                              
 147   2              }
 148   1      }


MODULE INFORMATION:   STATIC OVERLAYABLE
   CODE SIZE        =    247    ----
   CONSTANT SIZE    =   ----    ----
   XDATA SIZE       =   ----    ----
   PDATA SIZE       =   ----    ----
   DATA SIZE        =   ----    ----
   IDATA SIZE       =   ----    ----
   BIT SIZE         =   ----    ----
END OF MODULE INFORMATION.


C51 COMPILATION COMPLETE.  0 WARNING(S),  0 ERROR(S)
