C51 COMPILER V9.00   TIMER                                                                 12/19/2016 15:28:12 PAGE 1   


C51 COMPILER V9.00, COMPILATION OF MODULE TIMER
OBJECT MODULE PLACED IN .\Output\timer.obj
COMPILER INVOKED BY: d:\Keil\C51\BIN\C51.EXE Driver\src\timer.c LARGE BROWSE INCDIR(.\Common\inc;.\Driver\inc;.\BSP;.\St
                    -artup;.\User) DEBUG OBJECTEXTEND PRINT(.\Listing\timer.lst) OBJECT(.\Output\timer.obj)

line level    source

   1          
   2          #include "timer.h"
   3          
   4          
   5          
   6          /***************************************************************
   7          ** 函数名称: Timer1Init
   8          ** 功能描述: 定时器1初始化函数
   9          ** 输　入:   
  10          ** 输　出:   
  11          ** 全局变量: 
  12          ** 作　者:   喵呜实验室
  13          ** 淘  宝：  Http://miaowlabs.taobao.com
  14          ** 日　期:   2014年08月01日
  15          ***************************************************************/
  16          void Timer1Init(void)   //10毫秒@27.000MHz
  17          {
  18   1              AUXR &= 0xBF;           //定时器时钟12T模式
  19   1              TMOD &= 0x0F;           //设置定时器模式
  20   1              TL1 = 0x1C;             //设置定时初值
  21   1              TH1 = 0xA8;             //设置定时初值
  22   1              TF1 = 0;                //清除TF1标志
  23   1              TR1 = 1;                //定时器1开始计时
  24   1              ET1 = 1;                //允许定时器T1中断        
  25   1      }
  26          
  27          
  28          
  29          
  30          
  31          


MODULE INFORMATION:   STATIC OVERLAYABLE
   CODE SIZE        =     19    ----
   CONSTANT SIZE    =   ----    ----
   XDATA SIZE       =   ----    ----
   PDATA SIZE       =   ----    ----
   DATA SIZE        =   ----    ----
   IDATA SIZE       =   ----    ----
   BIT SIZE         =   ----    ----
END OF MODULE INFORMATION.


C51 COMPILATION COMPLETE.  0 WARNING(S),  0 ERROR(S)
