C51 COMPILER V9.00   UART                                                                  12/22/2016 15:11:32 PAGE 1   


C51 COMPILER V9.00, COMPILATION OF MODULE UART
OBJECT MODULE PLACED IN .\Output\uart.obj
COMPILER INVOKED BY: d:\Keil\C51\BIN\C51.EXE Driver\src\uart.c LARGE BROWSE INCDIR(.\Common\inc;.\Driver\inc;.\BSP;.\Sta
                    -rtup;.\User) DEBUG OBJECTEXTEND PRINT(.\Listing\uart.lst) OBJECT(.\Output\uart.obj)

line level    source

   1          
   2          #include <uart.h>   
   3          
   4          /***************************************************************
   5          ** 函数名称: Uart1Init
   6          ** 功能描述: UART1初始化函数
   7          ** 输　入:   
   8          ** 输　出:   
   9          ** 全局变量: 
  10          ** 作　者:   喵呜实验室
  11          ** 淘  宝：  Http://miaowlabs.taobao.com
  12          ** 日　期:   2014年08月01日
  13          ***************************************************************/
  14          void Uart1Init(void)            //115200bps@20.000MHz
  15          {
  16   1              SCON = 0x50;            //8位数据,可变波特率
  17   1              AUXR |= 0x04;           //定时器2时钟为Fosc,即1T
  18   1              T2L = 0xC5;             //设定定时初值
  19   1              T2H = 0xFF;             //设定定时初值
  20   1              AUXR |= 0x01;           //串口1选择定时器2为波特率发生器
  21   1              AUXR |= 0x10;           //启动定时器2
  22   1      //      TI = 1;
  23   1      }
  24          
  25          
  26          
  27          /***************************************************************
  28          ** 函数名称: UART1ReceiveByte
  29          ** 功能描述: UART1接收函数
  30          ** 输　入:   
  31          ** 输　出:   
  32          ** 全局变量: 
  33          ** 作　者:   喵呜实验室
  34          ** 淘  宝：  Http://miaowlabs.taobao.com
  35          ** 日　期:   2014年08月01日
  36          ***************************************************************/
  37          unsigned char UART1ReceiveByte(void)
  38          {
  39   1          unsigned char xdata ucRxd1; 
  40   1          /*if(RI == 1)                                            
  41   1          {
  42   1            RI = 0;
  43   1            ucRxd1 = SBUF;
  44   1            return(ucRxd1);            
  45   1          }
  46   1          //return 0;   */
  47   1              while(RI==0);
  48   1              RI = 0;
  49   1              ucRxd1 = SBUF;
  50   1              return(ucRxd1);
  51   1      }
  52          
  53          /***************************************************************
  54          ** 函数名称: UART2ReceiveByte
C51 COMPILER V9.00   UART                                                                  12/22/2016 15:11:32 PAGE 2   

  55          ** 功能描述: UART2接收函数
  56          ** 输　入:   
  57          ** 输　出:   
  58          ** 全局变量: 
  59          ** 作　者:   喵呜实验室
  60          ** 淘  宝：  Http://miaowlabs.taobao.com
  61          ** 日　期:   2014年08月01日
  62          ***************************************************************/
  63          unsigned char UART2ReceiveByte(void)
  64          {
  65   1          unsigned char xdata ucRxd2; /*
  66   1              if ((S2CON & 0x01) == 1)  
  67   1          {  
  68   1            S2CON &= 0xFE;  
  69   1            ucRxd2 = S2BUF;
  70   1                return(ucRxd2);  
  71   1          }                              */
  72   1              while((S2CON & 0x01) == 0);
  73   1              S2CON &= 0xFE;
  74   1              ucRxd2 = S2BUF;
  75   1              return(ucRxd2);
  76   1      }
  77          
  78          /***************************************************************
  79          ** 函数名称: UART1SendByte
  80          ** 功能描述: UART1发送函数
  81          ** 输　入:   
  82          ** 输　出:   
  83          ** 全局变量: 
  84          ** 作　者:   喵呜实验室
  85          ** 淘  宝：  Http://miaowlabs.taobao.com
  86          ** 日　期:   2014年08月01日
  87          ***************************************************************/
  88          void UART1SendByte(unsigned char TxD1)  
  89          {   
  90   1          SBUF=TxD1;  
  91   1          while(TI == 0);//等待发送完成 
  92   1          //while(!TI);//等待发送完成 
  93   1          TI=0;   
  94   1      }  
  95          
  96          /***************************************************************
  97          ** 函数名称: UART2SendByte
  98          ** 功能描述: UART2发送函数
  99          ** 输　入:   
 100          ** 输　出:   
 101          ** 全局变量: 
 102          ** 作　者:   喵呜实验室
 103          ** 淘  宝：  Http://miaowlabs.taobao.com
 104          ** 日　期:   2014年08月01日
 105          ***************************************************************/
 106          void UART2SendByte(unsigned char TxD2)  
 107          {   
 108   1          S2BUF=TxD2;  
 109   1          while ((S2CON & 0x02) == 0); //等待发送完成 
 110   1          S2CON &= 0xFD;    
 111   1      }   
 112          
 113          void Send(int dataa,int datab,int datac,int datad,int datae,int dataf)
 114          {
 115   1              unsigned char sum=0;
 116   1              //ES = 1;  //打开串口中断
C51 COMPILER V9.00   UART                                                                  12/22/2016 15:11:32 PAGE 3   

 117   1              UART1SendByte(0xAA);   //帧头
 118   1              UART1SendByte(0xAA);
 119   1              UART1SendByte(0x02);   //功能字
 120   1              UART1SendByte(12);   //发送的数据长度
 121   1              UART1SendByte(dataa);     //低8位
 122   1              UART1SendByte(dataa>>8);  //高8位
 123   1              UART1SendByte(datab);
 124   1              UART1SendByte(datab>>8);
 125   1              UART1SendByte(datac);
 126   1              UART1SendByte(datac>>8);
 127   1              UART1SendByte(datad);
 128   1              UART1SendByte(datad>>8);
 129   1              UART1SendByte(datae);
 130   1              UART1SendByte(datae>>8);
 131   1              UART1SendByte(dataf);
 132   1              UART1SendByte(dataf>>8);                
 133   1              sum+=0xAA;sum+=0xAA;sum+=0x02;sum+=12;
 134   1              sum+=dataa>>8;sum+=dataa;sum+=datab>>8;sum+=datab;sum+=datac>>8;sum+=datac;
 135   1              sum+=datad>>8;sum+=datad;sum+=datae>>8;sum+=datae;sum+=dataf>>8;sum+=dataf;
 136   1              UART1SendByte(sum);  //校验和
 137   1              //ES = 0;   //关闭串口中断
 138   1      }


MODULE INFORMATION:   STATIC OVERLAYABLE
   CODE SIZE        =    271    ----
   CONSTANT SIZE    =   ----    ----
   XDATA SIZE       =   ----      12
   PDATA SIZE       =   ----    ----
   DATA SIZE        =   ----    ----
   IDATA SIZE       =   ----    ----
   BIT SIZE         =   ----    ----
END OF MODULE INFORMATION.


C51 COMPILATION COMPLETE.  0 WARNING(S),  0 ERROR(S)
